08:52:58  Running with dbt=1.12.5
08:52:59  Registered adapter: postgres=1.11.0
08:53:01  Found 8 models, 103 data tests, 4 sources, 478 macros
08:53:01  
08:53:01  Concurrency: 4 threads (target='dev')
08:53:01  
08:53:02  3 of 111 START test source_not_null_raw_raw_customers__source_op ............... [RUN]
08:53:02  4 of 111 START test source_not_null_raw_raw_customers_customer_id .............. [RUN]
08:53:02  1 of 111 START sql table model marts.dim_date .................................. [RUN]
08:53:02  2 of 111 START test source_not_null_raw_raw_customers__is_deleted .............. [RUN]
08:53:03  4 of 111 PASS source_not_null_raw_raw_customers_customer_id .................... [PASS in 0.70s]
08:53:03  2 of 111 PASS source_not_null_raw_raw_customers__is_deleted .................... [PASS in 0.70s]
08:53:03  3 of 111 PASS source_not_null_raw_raw_customers__source_op ..................... [PASS in 0.72s]
08:53:03  5 of 111 START test source_not_null_raw_raw_customers_source_updated_at ........ [RUN]
08:53:03  6 of 111 START test source_not_null_raw_raw_events_customer_id ................. [RUN]
08:53:03  7 of 111 START test source_not_null_raw_raw_events_event_id .................... [RUN]
08:53:03  6 of 111 PASS source_not_null_raw_raw_events_customer_id ....................... [PASS in 0.25s]
08:53:03  7 of 111 PASS source_not_null_raw_raw_events_event_id .......................... [PASS in 0.26s]
08:53:03  5 of 111 PASS source_not_null_raw_raw_customers_source_updated_at .............. [PASS in 0.34s]
08:53:03  8 of 111 START test source_not_null_raw_raw_events_event_timestamp ............. [RUN]
08:53:03  9 of 111 START test source_not_null_raw_raw_orders_customer_id ................. [RUN]
08:53:03  10 of 111 START test source_not_null_raw_raw_orders_order_amount_usd ........... [RUN]
08:53:03  1 of 111 OK created sql table model marts.dim_date ............................. [INSERT 0 4018 in 1.35s]
08:53:03  11 of 111 START test source_not_null_raw_raw_orders_order_id ................... [RUN]
08:53:03  9 of 111 PASS source_not_null_raw_raw_orders_customer_id ....................... [PASS in 0.28s]
08:53:03  10 of 111 PASS source_not_null_raw_raw_orders_order_amount_usd ................. [PASS in 0.27s]
08:53:04  12 of 111 START test source_not_null_raw_raw_orders_order_timestamp ............ [RUN]
08:53:04  13 of 111 START test source_not_null_raw_raw_subscriptions_customer_id ......... [RUN]
08:53:04  11 of 111 PASS source_not_null_raw_raw_orders_order_id ......................... [PASS in 0.25s]
08:53:04  8 of 111 PASS source_not_null_raw_raw_events_event_timestamp ................... [PASS in 0.44s]
08:53:04  14 of 111 START test source_not_null_raw_raw_subscriptions_event_timestamp ..... [RUN]
08:53:04  15 of 111 START test source_not_null_raw_raw_subscriptions_subscription_event_id  [RUN]
08:53:04  12 of 111 PASS source_not_null_raw_raw_orders_order_timestamp .................. [PASS in 0.34s]
08:53:04  13 of 111 PASS source_not_null_raw_raw_subscriptions_customer_id ............... [PASS in 0.34s]
08:53:04  16 of 111 START test source_not_null_raw_raw_subscriptions_subscription_id ..... [RUN]
08:53:04  17 of 111 START test source_unique_raw_raw_customers_customer_id ............... [RUN]
08:53:04  14 of 111 PASS source_not_null_raw_raw_subscriptions_event_timestamp ........... [PASS in 0.43s]
08:53:04  15 of 111 PASS source_not_null_raw_raw_subscriptions_subscription_event_id ..... [PASS in 0.45s]
08:53:04  18 of 111 START test source_unique_raw_raw_events_event_id ..................... [RUN]
08:53:04  19 of 111 START test source_unique_raw_raw_orders_order_id ..................... [RUN]
08:53:04  16 of 111 PASS source_not_null_raw_raw_subscriptions_subscription_id ........... [PASS in 0.44s]
08:53:04  20 of 111 START test source_unique_raw_raw_subscriptions_subscription_event_id . [RUN]
08:53:05  17 of 111 PASS source_unique_raw_raw_customers_customer_id ..................... [PASS in 0.68s]
08:53:05  21 of 111 START test assert_dim_date_continuity ................................ [RUN]
08:53:05  21 of 111 PASS assert_dim_date_continuity ...................................... [PASS in 0.25s]
08:53:05  22 of 111 START test assert_dim_date_grain ..................................... [RUN]
08:53:05  22 of 111 PASS assert_dim_date_grain ........................................... [PASS in 0.23s]
08:53:05  23 of 111 START test not_null_dim_date_date_day ................................ [RUN]
08:53:05  23 of 111 PASS not_null_dim_date_date_day ...................................... [PASS in 0.26s]
08:53:05  24 of 111 START test not_null_dim_date_date_key ................................ [RUN]
08:53:05  20 of 111 PASS source_unique_raw_raw_subscriptions_subscription_event_id ....... [PASS in 1.08s]
08:53:05  25 of 111 START test unique_dim_date_date_day .................................. [RUN]
08:53:06  24 of 111 PASS not_null_dim_date_date_key ...................................... [PASS in 0.26s]
08:53:06  26 of 111 START test unique_dim_date_date_key .................................. [RUN]
08:53:06  25 of 111 PASS unique_dim_date_date_day ........................................ [PASS in 0.29s]
08:53:06  27 of 111 START sql view model staging.stg_customers ........................... [RUN]
08:53:06  18 of 111 PASS source_unique_raw_raw_events_event_id ........................... [PASS in 1.67s]
08:53:06  28 of 111 START sql view model staging.stg_subscriptions ....................... [RUN]
08:53:06  26 of 111 PASS unique_dim_date_date_key ........................................ [PASS in 0.41s]
08:53:06  29 of 111 START sql view model staging.stg_events .............................. [RUN]
08:53:06  19 of 111 PASS source_unique_raw_raw_orders_order_id ........................... [PASS in 1.94s]
08:53:06  30 of 111 START sql view model staging.stg_orders .............................. [RUN]
08:53:07  27 of 111 OK created sql view model staging.stg_customers ...................... [CREATE VIEW in 0.86s]
08:53:07  29 of 111 OK created sql view model staging.stg_events ......................... [CREATE VIEW in 0.53s]
08:53:07  28 of 111 OK created sql view model staging.stg_subscriptions .................. [CREATE VIEW in 0.76s]
08:53:07  32 of 111 START test accepted_values_stg_customers_plan_tier__FREE__STARTER__PRO__ENTERPRISE  [RUN]
08:53:07  31 of 111 START test accepted_values_stg_customers_account_status__ACTIVE__SUSPENDED__CHURNED__CANCELLED__PENDING  [RUN]
08:53:07  33 of 111 START test not_null_stg_customers_account_status ..................... [RUN]
08:53:07  30 of 111 OK created sql view model staging.stg_orders ......................... [CREATE VIEW in 0.54s]
08:53:07  34 of 111 START test not_null_stg_customers_customer_id ........................ [RUN]
08:53:07  34 of 111 PASS not_null_stg_customers_customer_id .............................. [PASS in 0.25s]
08:53:07  35 of 111 START test not_null_stg_customers_is_deleted ......................... [RUN]
08:53:07  33 of 111 PASS not_null_stg_customers_account_status ........................... [PASS in 0.51s]
08:53:07  36 of 111 START test not_null_stg_customers_plan_tier .......................... [RUN]
08:53:07  32 of 111 PASS accepted_values_stg_customers_plan_tier__FREE__STARTER__PRO__ENTERPRISE  [PASS in 0.58s]
08:53:07  31 of 111 PASS accepted_values_stg_customers_account_status__ACTIVE__SUSPENDED__CHURNED__CANCELLED__PENDING  [PASS in 0.61s]
08:53:07  37 of 111 START test not_null_stg_customers_source_updated_at .................. [RUN]
08:53:07  38 of 111 START test unique_stg_customers_customer_id .......................... [RUN]
08:53:07  35 of 111 PASS not_null_stg_customers_is_deleted ............................... [PASS in 0.29s]
08:53:08  39 of 111 START test not_null_stg_events_customer_id ........................... [RUN]
08:53:08  37 of 111 PASS not_null_stg_customers_source_updated_at ........................ [PASS in 0.25s]
08:53:08  40 of 111 START test not_null_stg_events_event_id .............................. [RUN]
08:53:08  36 of 111 PASS not_null_stg_customers_plan_tier ................................ [PASS in 0.34s]
08:53:08  41 of 111 START test not_null_stg_events_event_name ............................ [RUN]
08:53:08  39 of 111 PASS not_null_stg_events_customer_id ................................. [PASS in 0.23s]
08:53:08  42 of 111 START test not_null_stg_events_event_timestamp ....................... [RUN]
08:53:08  38 of 111 PASS unique_stg_customers_customer_id ................................ [PASS in 0.50s]
08:53:08  43 of 111 START test not_null_stg_events_session_id ............................ [RUN]
08:53:08  40 of 111 PASS not_null_stg_events_event_id .................................... [PASS in 0.34s]
08:53:08  44 of 111 START test unique_stg_events_event_id ................................ [RUN]
08:53:08  42 of 111 PASS not_null_stg_events_event_timestamp ............................. [PASS in 0.38s]
08:53:08  45 of 111 START test accepted_values_stg_subscriptions_plan_tier__FREE__STARTER__PRO__ENTERPRISE  [RUN]
08:53:08  43 of 111 PASS not_null_stg_events_session_id .................................. [PASS in 0.36s]
08:53:08  46 of 111 START test accepted_values_stg_subscriptions_subscription_status__ACTIVE__PAST_DUE__CANCELLED__EXPIRED__TRIALING  [RUN]
08:53:08  41 of 111 PASS not_null_stg_events_event_name .................................. [PASS in 0.77s]
08:53:08  47 of 111 START test not_null_stg_subscriptions_customer_id .................... [RUN]
08:53:09  47 of 111 PASS not_null_stg_subscriptions_customer_id .......................... [PASS in 0.28s]
08:53:09  48 of 111 START test not_null_stg_subscriptions_mrr_amount_usd ................. [RUN]
08:53:09  46 of 111 PASS accepted_values_stg_subscriptions_subscription_status__ACTIVE__PAST_DUE__CANCELLED__EXPIRED__TRIALING  [PASS in 0.73s]
08:53:09  45 of 111 PASS accepted_values_stg_subscriptions_plan_tier__FREE__STARTER__PRO__ENTERPRISE  [PASS in 0.84s]
08:53:09  49 of 111 START test not_null_stg_subscriptions_plan_tier ...................... [RUN]
08:53:09  50 of 111 START test not_null_stg_subscriptions_started_at ..................... [RUN]
08:53:09  48 of 111 PASS not_null_stg_subscriptions_mrr_amount_usd ....................... [PASS in 0.48s]
08:53:09  51 of 111 START test not_null_stg_subscriptions_subscription_event_id .......... [RUN]
08:53:09  50 of 111 PASS not_null_stg_subscriptions_started_at ........................... [PASS in 0.27s]
08:53:09  52 of 111 START test not_null_stg_subscriptions_subscription_id ................ [RUN]
08:53:09  51 of 111 PASS not_null_stg_subscriptions_subscription_event_id ................ [PASS in 0.21s]
08:53:09  53 of 111 START test not_null_stg_subscriptions_subscription_status ............ [RUN]
08:53:10  49 of 111 PASS not_null_stg_subscriptions_plan_tier ............................ [PASS in 0.57s]
08:53:10  52 of 111 PASS not_null_stg_subscriptions_subscription_id ...................... [PASS in 0.26s]
08:53:10  54 of 111 START test unique_stg_subscriptions_subscription_event_id ............ [RUN]
08:53:10  55 of 111 START test accepted_values_stg_orders_order_status__COMPLETED__PENDING__CANCELLED__REFUNDED  [RUN]
08:53:10  53 of 111 PASS not_null_stg_subscriptions_subscription_status .................. [PASS in 0.68s]
08:53:10  56 of 111 START test not_null_stg_orders_customer_id ........................... [RUN]
08:53:10  44 of 111 PASS unique_stg_events_event_id ...................................... [PASS in 2.46s]
08:53:10  57 of 111 START test not_null_stg_orders_discount_usd .......................... [RUN]
08:53:11  56 of 111 PASS not_null_stg_orders_customer_id ................................. [PASS in 0.39s]
08:53:11  58 of 111 START test not_null_stg_orders_gross_amount_usd ...................... [RUN]
08:53:11  55 of 111 PASS accepted_values_stg_orders_order_status__COMPLETED__PENDING__CANCELLED__REFUNDED  [PASS in 1.02s]
08:53:11  59 of 111 START test not_null_stg_orders_net_amount_usd ........................ [RUN]
08:53:11  58 of 111 PASS not_null_stg_orders_gross_amount_usd ............................ [PASS in 0.41s]
08:53:11  60 of 111 START test not_null_stg_orders_order_id .............................. [RUN]
08:53:11  54 of 111 PASS unique_stg_subscriptions_subscription_event_id .................. [PASS in 1.59s]
08:53:11  61 of 111 START test not_null_stg_orders_order_status .......................... [RUN]
08:53:11  57 of 111 PASS not_null_stg_orders_discount_usd ................................ [PASS in 0.86s]
08:53:11  62 of 111 START test not_null_stg_orders_order_timestamp ....................... [RUN]
08:53:11  60 of 111 PASS not_null_stg_orders_order_id .................................... [PASS in 0.39s]
08:53:11  63 of 111 START test unique_stg_orders_order_id ................................ [RUN]
08:53:12  59 of 111 PASS not_null_stg_orders_net_amount_usd .............................. [PASS in 0.96s]
08:53:12  64 of 111 START sql table model marts.dim_customer ............................. [RUN]
08:53:12  62 of 111 PASS not_null_stg_orders_order_timestamp ............................. [PASS in 0.48s]
08:53:12  65 of 111 START sql table model marts.fact_subscription_events ................. [RUN]
08:53:12  61 of 111 PASS not_null_stg_orders_order_status ................................ [PASS in 0.88s]
08:53:14  63 of 111 PASS unique_stg_orders_order_id ...................................... [PASS in 2.09s]
08:53:14  66 of 111 START sql table model marts.fact_orders .............................. [RUN]
08:53:14  64 of 111 OK created sql table model marts.dim_customer ........................ [INSERT 0 50003 in 2.54s]
08:53:14  67 of 111 START test accepted_values_dim_customer_plan_tier__FREE__STARTER__PRO__ENTERPRISE  [RUN]
08:53:14  68 of 111 START test assert_dim_customer_grain ................................. [RUN]
08:53:15  67 of 111 PASS accepted_values_dim_customer_plan_tier__FREE__STARTER__PRO__ENTERPRISE  [PASS in 0.34s]
08:53:15  69 of 111 START test assert_dim_customer_scd_no_overlap ........................ [RUN]
08:53:15  68 of 111 PASS assert_dim_customer_grain ....................................... [PASS in 0.53s]
08:53:15  70 of 111 START test assert_dim_customer_single_current ........................ [RUN]
08:53:15  69 of 111 PASS assert_dim_customer_scd_no_overlap .............................. [PASS in 0.44s]
08:53:15  71 of 111 START test not_null_dim_customer_account_status ...................... [RUN]
08:53:15  70 of 111 PASS assert_dim_customer_single_current .............................. [PASS in 0.39s]
08:53:15  72 of 111 START test not_null_dim_customer_customer_id ......................... [RUN]
08:53:15  71 of 111 PASS not_null_dim_customer_account_status ............................ [PASS in 0.23s]
08:53:15  73 of 111 START test not_null_dim_customer_customer_sk ......................... [RUN]
08:53:15  72 of 111 PASS not_null_dim_customer_customer_id ............................... [PASS in 0.23s]
08:53:15  74 of 111 START test not_null_dim_customer_is_current .......................... [RUN]
08:53:16  73 of 111 PASS not_null_dim_customer_customer_sk ............................... [PASS in 0.25s]
08:53:16  75 of 111 START test not_null_dim_customer_plan_tier ........................... [RUN]
08:53:16  74 of 111 PASS not_null_dim_customer_is_current ................................ [PASS in 0.25s]
08:53:16  76 of 111 START test not_null_dim_customer_valid_from .......................... [RUN]
08:53:16  75 of 111 PASS not_null_dim_customer_plan_tier ................................. [PASS in 0.26s]
08:53:16  77 of 111 START test not_null_dim_customer_valid_to ............................ [RUN]
08:53:16  76 of 111 PASS not_null_dim_customer_valid_from ................................ [PASS in 0.22s]
08:53:16  78 of 111 START test unique_dim_customer_customer_sk ........................... [RUN]
08:53:16  77 of 111 PASS not_null_dim_customer_valid_to .................................. [PASS in 0.30s]
08:53:16  78 of 111 PASS unique_dim_customer_customer_sk ................................. [PASS in 0.39s]
08:53:17  65 of 111 OK created sql table model marts.fact_subscription_events ............ [INSERT 0 200000 in 4.75s]
08:53:17  79 of 111 START test accepted_values_fact_subscription_events_plan_tier__FREE__STARTER__PRO__ENTERPRISE  [RUN]
08:53:17  81 of 111 START test assert_fact_subscriptions_chronology ...................... [RUN]
08:53:17  80 of 111 START test accepted_values_fact_subscription_events_subscription_status__ACTIVE__PAST_DUE__CANCELLED__EXPIRED__TRIALING  [RUN]
08:53:17  79 of 111 PASS accepted_values_fact_subscription_events_plan_tier__FREE__STARTER__PRO__ENTERPRISE  [PASS in 0.64s]
08:53:17  80 of 111 PASS accepted_values_fact_subscription_events_subscription_status__ACTIVE__PAST_DUE__CANCELLED__EXPIRED__TRIALING  [PASS in 0.64s]
08:53:17  81 of 111 PASS assert_fact_subscriptions_chronology ............................ [PASS in 0.66s]
08:53:17  82 of 111 START test assert_fact_subscriptions_grain ........................... [RUN]
08:53:17  83 of 111 START test not_null_fact_subscription_events_billing_frequency ....... [RUN]
08:53:17  84 of 111 START test not_null_fact_subscription_events_customer_id ............. [RUN]
08:53:18  83 of 111 PASS not_null_fact_subscription_events_billing_frequency ............. [PASS in 0.32s]
08:53:18  85 of 111 START test not_null_fact_subscription_events_date_key ................ [RUN]
08:53:18  84 of 111 PASS not_null_fact_subscription_events_customer_id ................... [PASS in 0.34s]
08:53:18  86 of 111 START test not_null_fact_subscription_events_event_date .............. [RUN]
08:53:18  85 of 111 PASS not_null_fact_subscription_events_date_key ...................... [PASS in 0.25s]
08:53:18  87 of 111 START test not_null_fact_subscription_events_event_timestamp ......... [RUN]
08:53:18  86 of 111 PASS not_null_fact_subscription_events_event_date .................... [PASS in 0.24s]
08:53:18  88 of 111 START test not_null_fact_subscription_events_is_active ............... [RUN]
08:53:18  87 of 111 PASS not_null_fact_subscription_events_event_timestamp ............... [PASS in 0.28s]
08:53:18  89 of 111 START test not_null_fact_subscription_events_mrr_amount_usd .......... [RUN]
08:53:18  88 of 111 PASS not_null_fact_subscription_events_is_active ..................... [PASS in 0.26s]
08:53:18  90 of 111 START test not_null_fact_subscription_events_plan_tier ............... [RUN]
08:53:18  82 of 111 PASS assert_fact_subscriptions_grain ................................. [PASS in 1.17s]
08:53:18  91 of 111 START test not_null_fact_subscription_events_started_at .............. [RUN]
08:53:19  89 of 111 PASS not_null_fact_subscription_events_mrr_amount_usd ................ [PASS in 0.35s]
08:53:19  92 of 111 START test not_null_fact_subscription_events_subscription_event_id ... [RUN]
08:53:19  90 of 111 PASS not_null_fact_subscription_events_plan_tier ..................... [PASS in 0.32s]
08:53:19  93 of 111 START test not_null_fact_subscription_events_subscription_id ......... [RUN]
08:53:19  91 of 111 PASS not_null_fact_subscription_events_started_at .................... [PASS in 0.35s]
08:53:19  94 of 111 START test not_null_fact_subscription_events_subscription_status ..... [RUN]
08:53:19  92 of 111 PASS not_null_fact_subscription_events_subscription_event_id ......... [PASS in 0.32s]
08:53:19  93 of 111 PASS not_null_fact_subscription_events_subscription_id ............... [PASS in 0.29s]
08:53:19  95 of 111 START test relationships_fact_subscription_events_date_key__date_key__ref_dim_date_  [RUN]
08:53:19  96 of 111 START test unique_fact_subscription_events_subscription_event_id ..... [RUN]
08:53:19  94 of 111 PASS not_null_fact_subscription_events_subscription_status ........... [PASS in 0.40s]
08:53:20  95 of 111 PASS relationships_fact_subscription_events_date_key__date_key__ref_dim_date_  [PASS in 0.73s]
08:53:20  96 of 111 PASS unique_fact_subscription_events_subscription_event_id ........... [PASS in 1.17s]
08:53:21  66 of 111 OK created sql table model marts.fact_orders ......................... [INSERT 0 400001 in 7.89s]
08:53:21  98 of 111 START test assert_fact_orders_grain .................................. [RUN]
08:53:21  99 of 111 START test assert_fact_orders_positive_total ......................... [RUN]
08:53:21  97 of 111 START test accepted_values_fact_orders_order_status__COMPLETED__PENDING__CANCELLED__REFUNDED  [RUN]
08:53:21  100 of 111 START test assert_fact_orders_valid_customers ....................... [RUN]
08:53:22  97 of 111 PASS accepted_values_fact_orders_order_status__COMPLETED__PENDING__CANCELLED__REFUNDED  [PASS in 0.50s]
08:53:22  101 of 111 START test not_null_fact_orders_customer_id ......................... [RUN]
08:53:22  99 of 111 PASS assert_fact_orders_positive_total ............................... [PASS in 0.62s]
08:53:22  102 of 111 START test not_null_fact_orders_date_key ............................ [RUN]
08:53:22  101 of 111 PASS not_null_fact_orders_customer_id ............................... [PASS in 0.19s]
08:53:22  103 of 111 START test not_null_fact_orders_discount_usd ........................ [RUN]
08:53:22  102 of 111 PASS not_null_fact_orders_date_key .................................. [PASS in 0.23s]
08:53:22  104 of 111 START test not_null_fact_orders_gross_amount_usd .................... [RUN]
08:53:22  103 of 111 PASS not_null_fact_orders_discount_usd .............................. [PASS in 0.24s]
08:53:22  105 of 111 START test not_null_fact_orders_net_amount_usd ...................... [RUN]
08:53:23  100 of 111 PASS assert_fact_orders_valid_customers ............................. [PASS in 1.02s]
08:53:23  106 of 111 START test not_null_fact_orders_order_date .......................... [RUN]
08:53:23  104 of 111 PASS not_null_fact_orders_gross_amount_usd .......................... [PASS in 0.29s]
08:53:23  107 of 111 START test not_null_fact_orders_order_id ............................ [RUN]
08:53:23  106 of 111 PASS not_null_fact_orders_order_date ................................ [PASS in 0.34s]
08:53:23  108 of 111 START test not_null_fact_orders_order_status ........................ [RUN]
08:53:23  105 of 111 PASS not_null_fact_orders_net_amount_usd ............................ [PASS in 0.54s]
08:53:23  107 of 111 PASS not_null_fact_orders_order_id .................................. [PASS in 0.35s]
08:53:23  109 of 111 START test not_null_fact_orders_order_timestamp ..................... [RUN]
08:53:23  110 of 111 START test relationships_fact_orders_date_key__date_key__ref_dim_date_  [RUN]
08:53:23  108 of 111 PASS not_null_fact_orders_order_status .............................. [PASS in 0.27s]
08:53:23  111 of 111 START test unique_fact_orders_order_id .............................. [RUN]
08:53:23  109 of 111 PASS not_null_fact_orders_order_timestamp ........................... [PASS in 0.41s]
08:53:23  98 of 111 PASS assert_fact_orders_grain ........................................ [PASS in 2.02s]
08:53:24  110 of 111 PASS relationships_fact_orders_date_key__date_key__ref_dim_date_ .... [PASS in 0.65s]
08:53:25  111 of 111 PASS unique_fact_orders_order_id .................................... [PASS in 1.53s]
08:53:25  
08:53:25  Finished running 4 table models, 103 data tests, 4 view models in 0 hours 0 minutes and 23.80 seconds (23.80s).
08:53:26  
08:53:26  Completed successfully
08:53:26  
08:53:26  Done. PASS=111 WARN=0 ERROR=0 SKIP=0 NO-OP=0 REUSED=0 TOTAL=111
